P16 assembler v1.2 (Apr  8 2019)	seccoes1.lst	Mon Apr  8 09:53:04 2019

Sections
Index   Name            Addresses       Size
0       .data           20A0 - 20A5     0006 6
1       .text           B000 - B015     0016 22

Symbols
Name                    Type      Value      Section
addr_z                  LABEL     B014 45076 .text
addr_y                  LABEL     B012 45074 .text
addr_x                  LABEL     B010 45072 .text
x                       LABEL     20A0 8352  .data
y                       LABEL     20A2 8354  .data
z                       LABEL     20A4 8356  .data
main                    LABEL     B000 45056 .text

Code listing
   1              		.data
   2              	x:
   3 20A0 1E00    		.word	30
   4              	y:
   5 20A2 0400    		.word	4
   6              	z:
   7 20A4 0000    		.word	0
   8              	
   9              		.text
  10              	main:
  11 B000 700C    		ldr	r0, addr_x
  12 B002 0000    		ldr	r0, [r0]
  13 B004 610C    		ldr	r1, addr_y
  14 B006 1100    		ldr	r1, [r1]
  15 B008 8080    		add	r0, r0, r1
  16 B00A 410C    		ldr	r1, addr_z
  17 B00C 1020    		str	r0, [r1]
  18 B00E 0FB7    		mov	pc, lr
  19              	
  20              	addr_x:
  21 B010 A020    		.word	x
  22              	addr_y:
  23 B012 A220    		.word	y
  24              	addr_z:
  25 B014 A420    		.word	z
